sketch_version=[..]
sequence_type=DNA
sketch_size=1024
n_samples=2
kmers=[31]
inverted=false
