14412_3#82.contigs_velvet.fa.gz	14412_3#84.contigs_velvet.fa.gz	0.9887168
14412_3#84.contigs_velvet.fa.gz	14412_3#82.contigs_velvet.fa.gz	0.9887168
R6.fa.gz	TIGR4.fa.gz	0.99009615
TIGR4.fa.gz	R6.fa.gz	0.99009615
