14412_3#82.contigs_velvet.fa.gz	14412_3#84.contigs_velvet.fa.gz	0.008820182	0.2137754
14412_3#84.contigs_velvet.fa.gz	14412_3#82.contigs_velvet.fa.gz	0.008820182	0.2137754
R6.fa.gz	TIGR4.fa.gz	0.010040261	0.1535005
TIGR4.fa.gz	R6.fa.gz	0.010040261	0.1535005
