R6.fa.gz	TIGR4.fa.gz	0.010040224	0.15350115
R6.fa.gz	14412_3#84.contigs_velvet.fa.gz	1	1
TIGR4.fa.gz	14412_3#84.contigs_velvet.fa.gz	0.06156975	0.9990812
