14412_3#82.contigs_velvet.fa.gz	14412_3#84.contigs_velvet.fa.gz	0.35546875
14412_3#84.contigs_velvet.fa.gz	14412_3#82.contigs_velvet.fa.gz	0.35546875
R6.fa.gz	TIGR4.fa.gz	0.29492188
TIGR4.fa.gz	R6.fa.gz	0.29492188
