Name
TIGR4.fa.gz
R6.fa.gz
14412_3#82.contigs_velvet.fa.gz
14412_3#84.contigs_velvet.fa.gz

