Name
tests/test_files_in/14412_3#82.contigs_velvet.fa.gz
tests/test_files_in/14412_3#84.contigs_velvet.fa.gz

